// Jest Snapshot v1, https://goo.gl/fbAQLP

exports[`MyComponent Check the snapshot after sending props 1`] = `
<ContextConsumer>
  <Component />
</ContextConsumer>
`;
