// Jest Snapshot v1, https://goo.gl/fbAQLP

exports[`MyComponent Rendering Login Page 1`] = `
<ContextConsumer>
  <Component />
</ContextConsumer>
`;
